// Jest Snapshot v1, https://goo.gl/fbAQLP

exports[`require-theme-context-versions fails as a warning when versions do not meet the required version 1`] = `
Object {
  "lintId": "require-theme-context-versions",
  "lintMessage": "The dependencies for this project do not have the minimum versions required for theming context:
  terra-action-footer@^1.0.0 does not satisfy range requirement for theming context: terra-action-footer@>=2.42.0",
  "projectType": "module",
  "severity": Object {
    "severityType": "warning",
  },
}
`;

exports[`require-theme-context-versions fails when versions do not meet the required version 1`] = `
Object {
  "lintId": "require-theme-context-versions",
  "lintMessage": "The dependencies for this project do not have the minimum versions required for theming context:
  @cerner/terra-docs@<1.0.0 does not satisfy range requirement for theming context: @cerner/terra-docs@>=1.0.0
  terra-abstract-modal@<3.25.0 does not satisfy range requirement for theming context: terra-abstract-modal@>=3.25.0
  terra-action-footer@<2.42.0 does not satisfy range requirement for theming context: terra-action-footer@>=2.42.0
  terra-action-header@<2.43.0 does not satisfy range requirement for theming context: terra-action-header@>=2.43.0
  terra-alert@<4.29.0 does not satisfy range requirement for theming context: terra-alert@>=4.29.0
  terra-application-header-layout@<3.28.0 does not satisfy range requirement for theming context: terra-application-header-layout@>=3.28.0
  terra-application-links@<6.34.0 does not satisfy range requirement for theming context: terra-application-links@>=6.34.0
  terra-application-name@<3.30.0 does not satisfy range requirement for theming context: terra-application-name@>=3.30.0
  terra-application-navigation@<1.37.0 does not satisfy range requirement for theming context: terra-application-navigation@>=1.37.0
  terra-application-utility@<2.35.0 does not satisfy range requirement for theming context: terra-application-utility@>=2.35.0
  terra-application@<1.19.0 does not satisfy range requirement for theming context: terra-application@>=1.19.0
  terra-avatar@<3.3.0 does not satisfy range requirement for theming context: terra-avatar@>=3.3.0
  terra-badge@<3.35.0 does not satisfy range requirement for theming context: terra-badge@>=3.35.0
  terra-brand-footer@<2.24.0 does not satisfy range requirement for theming context: terra-brand-footer@>=2.24.0
  terra-button-group@<3.39.0 does not satisfy range requirement for theming context: terra-button-group@>=3.39.0
  terra-button@<3.36.0 does not satisfy range requirement for theming context: terra-button@>=3.36.0
  terra-card@<3.27.0 does not satisfy range requirement for theming context: terra-card@>=3.27.0
  terra-cell-grid@<1.5.0 does not satisfy range requirement for theming context: terra-cell-grid@>=1.5.0
  terra-clinical-data-grid@<2.25.0 does not satisfy range requirement for theming context: terra-clinical-data-grid@>=2.25.0
  terra-clinical-detail-view@<3.20.0 does not satisfy range requirement for theming context: terra-clinical-detail-view@>=3.20.0
  terra-clinical-header@<3.16.0 does not satisfy range requirement for theming context: terra-clinical-header@>=3.16.0
  terra-clinical-item-display@<3.18.0 does not satisfy range requirement for theming context: terra-clinical-item-display@>=3.18.0
  terra-clinical-item-view@<3.19.0 does not satisfy range requirement for theming context: terra-clinical-item-view@>=3.19.0
  terra-clinical-label-value-view@<3.20.0 does not satisfy range requirement for theming context: terra-clinical-label-value-view@>=3.20.0
  terra-clinical-onset-picker@<4.21.0 does not satisfy range requirement for theming context: terra-clinical-onset-picker@>=4.21.0
  terra-collapsible-menu-view@<6.34.0 does not satisfy range requirement for theming context: terra-collapsible-menu-view@>=6.34.0
  terra-date-input@<1.14.0 does not satisfy range requirement for theming context: terra-date-input@>=1.14.0
  terra-date-picker@<4.38.0 does not satisfy range requirement for theming context: terra-date-picker@>=4.38.0
  terra-date-time-picker@<4.38.0 does not satisfy range requirement for theming context: terra-date-time-picker@>=4.38.0
  terra-demographics-banner@<3.37.0 does not satisfy range requirement for theming context: terra-demographics-banner@>=3.37.0
  terra-dialog-modal@<3.38.0 does not satisfy range requirement for theming context: terra-dialog-modal@>=3.38.0
  terra-dialog@<2.42.0 does not satisfy range requirement for theming context: terra-dialog@>=2.42.0
  terra-divider@<3.27.0 does not satisfy range requirement for theming context: terra-divider@>=3.27.0
  terra-dropdown-button@<1.14.0 does not satisfy range requirement for theming context: terra-dropdown-button@>=1.14.0
  terra-form-checkbox@<4.3.0 does not satisfy range requirement for theming context: terra-form-checkbox@>=4.3.0
  terra-form-field@<4.3.0 does not satisfy range requirement for theming context: terra-form-field@>=4.3.0
  terra-form-fieldset@<2.42.0 does not satisfy range requirement for theming context: terra-form-fieldset@>=2.42.0
  terra-form-input@<3.5.0 does not satisfy range requirement for theming context: terra-form-input@>=3.5.0
  terra-form-radio@<4.5.0 does not satisfy range requirement for theming context: terra-form-radio@>=4.5.0
  terra-form-select@<6.6.0 does not satisfy range requirement for theming context: terra-form-select@>=6.6.0
  terra-form-textarea@<4.5.0 does not satisfy range requirement for theming context: terra-form-textarea@>=4.5.0
  terra-grid@<6.21.0 does not satisfy range requirement for theming context: terra-grid@>=6.21.0
  terra-html-table@<1.6.0 does not satisfy range requirement for theming context: terra-html-table@>=1.6.0
  terra-hyperlink@<2.34.0 does not satisfy range requirement for theming context: terra-hyperlink@>=2.34.0
  terra-icon@<3.32.0 does not satisfy range requirement for theming context: terra-icon@>=3.32.0
  terra-image@<3.28.0 does not satisfy range requirement for theming context: terra-image@>=3.28.0
  terra-layout@<4.24.0 does not satisfy range requirement for theming context: terra-layout@>=4.24.0
  terra-list@<4.31.0 does not satisfy range requirement for theming context: terra-list@>=4.31.0
  terra-menu@<6.34.0 does not satisfy range requirement for theming context: terra-menu@>=6.34.0
  terra-modal-manager@<6.34.0 does not satisfy range requirement for theming context: terra-modal-manager@>=6.34.0
  terra-navigation-side-menu@<2.31.0 does not satisfy range requirement for theming context: terra-navigation-side-menu@>=2.31.0
  terra-notification-dialog@<3.35.0 does not satisfy range requirement for theming context: terra-notification-dialog@>=3.35.0
  terra-overlay@<3.49.0 does not satisfy range requirement for theming context: terra-overlay@>=3.49.0
  terra-paginator@<2.51.0 does not satisfy range requirement for theming context: terra-paginator@>=2.51.0
  terra-popup@<6.35.0 does not satisfy range requirement for theming context: terra-popup@>=6.35.0
  terra-profile-image@<3.30.0 does not satisfy range requirement for theming context: terra-profile-image@>=3.30.0
  terra-progress-bar@<4.23.0 does not satisfy range requirement for theming context: terra-progress-bar@>=4.23.0
  terra-search-field@<3.51.0 does not satisfy range requirement for theming context: terra-search-field@>=3.51.0
  terra-section-header@<2.37.0 does not satisfy range requirement for theming context: terra-section-header@>=2.37.0
  terra-show-hide@<2.35.0 does not satisfy range requirement for theming context: terra-show-hide@>=2.35.0
  terra-signature@<2.30.0 does not satisfy range requirement for theming context: terra-signature@>=2.30.0
  terra-slide-group@<4.21.0 does not satisfy range requirement for theming context: terra-slide-group@>=4.21.0
  terra-slide-panel@<3.27.0 does not satisfy range requirement for theming context: terra-slide-panel@>=3.27.0
  terra-spacer@<3.40.0 does not satisfy range requirement for theming context: terra-spacer@>=3.40.0
  terra-status-view@<4.27.0 does not satisfy range requirement for theming context: terra-status-view@>=4.27.0
  terra-switch@<1.0.0 does not satisfy range requirement for theming context: terra-switch@>=1.0.0
  terra-table@<4.8.0 does not satisfy range requirement for theming context: terra-table@>=4.8.0
  terra-tabs@<6.35.0 does not satisfy range requirement for theming context: terra-tabs@>=6.35.0
  terra-tag@<2.35.0 does not satisfy range requirement for theming context: terra-tag@>=2.35.0
  terra-text@<4.31.0 does not satisfy range requirement for theming context: terra-text@>=4.31.0
  terra-time-input@<4.29.0 does not satisfy range requirement for theming context: terra-time-input@>=4.29.0
  terra-toolbar@<1.8.0 does not satisfy range requirement for theming context: terra-toolbar@>=1.8.0",
  "projectType": "module",
  "severity": Object {
    "severityType": "error",
  },
}
`;

exports[`require-theme-context-versions passes when all versions meet the required version 1`] = `undefined`;

exports[`require-theme-context-versions succeeds when there are dependencies not in the list to check 1`] = `undefined`;

exports[`require-theme-context-versions succeeds when there are no dependencies 1`] = `undefined`;

exports[`require-theme-context-versions succeeds when versions do not meet the required version but package is passed in allowList 1`] = `undefined`;
